鉁?LocalMingliAnalyzer 瀵煎叆鎴愬姛
================================================================================
鍏瓧鍒嗘瀽鍏ㄩ潰娴嬭瘯 v2.0
================================================================================
娴嬭瘯鏃堕棿: 2025-11-04 10:51:24
娴嬭瘯鐢ㄤ緥鏁? 60 涓紙鐢峰コ鍚?0涓級
娴嬭瘯鐩爣: 鍚勭鍛芥牸銆佹椂杩愩€佷簲琛屾儏鍐点€侀棸鏈?
鉁?鍒嗘瀽鍣ㄥ垵濮嬪寲鎴愬姛

================================================================================
寮€濮嬫祴璇?..
================================================================================

[1/60] 娴嬭瘯 娴嬭瘯01鐢穇璐㈡牸 (璐㈡牸)...
  鉁?鎴愬姛: 鍥涙煴 = 搴氬瘏 搴氳景 鎴婄敵 涔欏嵂

[2/60] 娴嬭瘯 娴嬭瘯02鐢穇瀹樻牸 (瀹樻牸)...
  鉁?鎴愬姛: 鍥涙煴 = 澹景 鎴婄敵 搴氬瓙 涓佷笐

[3/60] 娴嬭瘯 娴嬭瘯03鐢穇鍗版牸 (鍗版牸)...
  鉁?鎴愬姛: 鍥涙煴 = 涔欐湭 涓欐垖 杈涙湭 鎴婃垖

[4/60] 娴嬭瘯 娴嬭瘯04鐢穇椋熶激鏍?(椋熶激鏍?...
  鉁?鎴愬姛: 鍥涙煴 = 涓侀厜 鐢插瘏 鐧搁厜 鐧镐笐

[5/60] 娴嬭瘯 娴嬭瘯05鐢穇姣斿姭鏍?(姣斿姭鏍?...
  鉁?鎴愬姛: 鍥涙煴 = 搴氬瓙 鎴婂瘏 搴氬瓙 搴氳景

[6/60] 娴嬭瘯 娴嬭瘯06鐢穇浜旇鍏?(浜旇鍏?...
  鉁?鎴愬姛: 鍥涙煴 = 杈涘嵂 鐧稿烦 涔欎亥 杈涘烦

[7/60] 娴嬭瘯 娴嬭瘯07鐢穇缂烘湪 (缂烘湪)...
  鉁?鎴愬姛: 鍥涙煴 = 鐧稿烦 搴氱敵 涓欏瘏 涓欑敵

[8/60] 娴嬭瘯 娴嬭瘯08鐢穇缂虹伀 (缂虹伀)...
  鉁?鎴愬姛: 鍥涙煴 = 涓欑敵 宸变亥 鐧稿烦 鐢插瓙

[9/60] 娴嬭瘯 娴嬭瘯09鐢穇缂洪噾 (缂洪噾)...
  鉁?鎴愬姛: 鍥涙煴 = 鎴婃垖 鐢插瘏 搴氬瘏 澹崍

[10/60] 娴嬭瘯 娴嬭瘯10鐢穇闂版湀 (闂版湀)...
  鉁?鎴愬姛: 鍥涙煴 = 搴氬瓙 澹崍 搴氳景 涔欓厜

[11/60] 娴嬭瘯 娴嬭瘯11濂砡璐㈡牸 (璐㈡牸)...
  鉁?鎴愬姛: 鍥涙煴 = 宸变笐 搴氬崍 澹崍 鐧稿嵂

[12/60] 娴嬭瘯 娴嬭瘯12濂砡瀹樻牸 (瀹樻牸)...
  鉁?鎴愬姛: 鍥涙煴 = 杈涘嵂 涓侀厜 鐢叉垖 涔欎笐

[13/60] 娴嬭瘯 娴嬭瘯13濂砡鍗版牸 (鍗版牸)...
  鉁?鎴愬姛: 鍥涙煴 = 鐢插崍 涓欏瓙 涔欎亥 涓欐垖

[14/60] 娴嬭瘯 娴嬭瘯14濂砡椋熶激鏍?(椋熶激鏍?...
  鉁?鎴愬姛: 鍥涙煴 = 涓欑敵 杈涘嵂 鐧镐笐 鐧镐笐

[15/60] 娴嬭瘯 娴嬭瘯15濂砡姣斿姭鏍?(姣斿姭鏍?...
  鉁?鎴愬姛: 鍥涙煴 = 宸变亥 搴氬崍 鐢叉垖 鎴婅景

[16/60] 娴嬭瘯 娴嬭瘯16濂砡浜旇鍏?(浜旇鍏?...
  鉁?鎴愬姛: 鍥涙煴 = 搴氬瘏 鐧告湭 宸卞嵂 宸卞烦

[17/60] 娴嬭瘯 娴嬭瘯17濂砡缂哄湡 (缂哄湡)...
  鉁?鎴愬姛: 鍥涙煴 = 澹景 搴氭垖 宸卞烦 澹敵

[18/60] 娴嬭瘯 娴嬭瘯18濂砡缂烘按 (缂烘按)...
  鉁?鎴愬姛: 鍥涙煴 = 涔欐湭 宸变笐 涓侀厜 澹瓙

[19/60] 娴嬭瘯 娴嬭瘯19濂砡缂哄琛?(缂哄琛?...
  鉁?鎴愬姛: 鍥涙煴 = 涓侀厜 鐢茶景 鐢插瓙 搴氬崍

[20/60] 娴嬭瘯 娴嬭瘯20濂砡闂版湀 (闂版湀)...
  鉁?鎴愬姛: 鍥涙煴 = 涓欒景 鎴婃垖 鐧稿嵂 杈涢厜

[21/60] 娴嬭瘯 娴嬭瘯21鐢穇璐㈠畼鏍?(璐㈠畼鏍?...
  鉁?鎴愬姛: 鍥涙煴 = 搴氬崍 杈涘烦 搴氬瓙 宸卞嵂

[22/60] 娴嬭瘯 娴嬭瘯22鐢穇瀹樺嵃鏍?(瀹樺嵃鏍?...
  鉁?鎴愬姛: 鍥涙煴 = 澹敵 宸遍厜 杈涘嵂 宸变笐

[23/60] 娴嬭瘯 娴嬭瘯23鐢穇椋熶激鐢熻储 (椋熶激鐢熻储)...
  鉁?鎴愬姛: 鍥涙煴 = 涔欎亥 鎴婂瓙 澹景 搴氭垖

[24/60] 娴嬭瘯 娴嬭瘯24鐢穇浠庤储鏍?(浠庤储鏍?...
  鉁?鎴愬姛: 鍥涙煴 = 涓佷笐 鐧稿嵂 宸卞烦 涔欎笐

[25/60] 娴嬭瘯 娴嬭瘯25鐢穇浠庡畼鏍?(浠庡畼鏍?...
  鉁?鎴愬姛: 鍥涙煴 = 搴氳景 澹崍 鐧镐亥 涓欒景

[26/60] 娴嬭瘯 娴嬭瘯26鐢穇浜旇鍏?(浜旇鍏?...
  鉁?鎴愬姛: 鍥涙煴 = 杈涙湭 鐧稿烦 鎴婃垖 涓佸烦

[27/60] 娴嬭瘯 娴嬭瘯27鐢穇缂烘湪 (缂烘湪)...
  鉁?鎴愬姛: 鍥涙煴 = 鐧搁厜 搴氱敵 宸变笐 澹敵

[28/60] 娴嬭瘯 娴嬭瘯28鐢穇缂虹伀 (缂虹伀)...
  鉁?鎴愬姛: 鍥涙煴 = 涓欏瓙 宸变亥 涓欒景 搴氬瓙

[29/60] 娴嬭瘯 娴嬭瘯29鐢穇缂洪噾 (缂洪噾)...
  鉁?鎴愬姛: 鍥涙煴 = 鎴婂瘏 鐢插瘏 鐧告湭 鎴婂崍

[30/60] 娴嬭瘯 娴嬭瘯30鐢穇闂版湀 (闂版湀)...
  鈿狅笍 2000骞存病鏈夐棸4鏈堬紝浣跨敤姝ｅ父4鏈?
  鉁?鎴愬姛: 鍥涙煴 = 搴氳景 杈涘烦 鐧告湭 杈涢厜

[31/60] 娴嬭瘯 娴嬭瘯31濂砡璐㈠畼鏍?(璐㈠畼鏍?...
  鉁?鎴愬姛: 鍥涙煴 = 宸卞烦 搴氬崍 涔欏烦 宸卞嵂

[32/60] 娴嬭瘯 娴嬭瘯32濂砡瀹樺嵃鏍?(瀹樺嵃鏍?...
  鉁?鎴愬姛: 鍥涙煴 = 杈涙湭 涓侀厜 涔欐湭 涓佷笐

[33/60] 娴嬭瘯 娴嬭瘯33濂砡椋熶激鐢熻储 (椋熶激鐢熻储)...
  鉁?鎴愬姛: 鍥涙煴 = 鐢叉垖 涓欏瓙 涓佸嵂 搴氭垖

[34/60] 娴嬭瘯 娴嬭瘯34濂砡浠庤储鏍?(浠庤储鏍?...
  鉁?鎴愬姛: 鍥涙煴 = 涓欏瓙 澹景 鐧搁厜 鐧镐笐

[35/60] 娴嬭瘯 娴嬭瘯35濂砡浠庡畼鏍?(浠庡畼鏍?...
  鉁?鎴愬姛: 鍥涙煴 = 宸卞嵂 杈涙湭 涓佸嵂 鐢茶景

[36/60] 娴嬭瘯 娴嬭瘯36濂砡浜旇鍏?(浜旇鍏?...
  鉁?鎴愬姛: 鍥涙煴 = 搴氬崍 杈涘烦 鐧搁厜 涓佸烦

[37/60] 娴嬭瘯 娴嬭瘯37濂砡缂哄湡 (缂哄湡)...
  鉁?鎴愬姛: 鍥涙煴 = 澹敵 鎴婄敵 鐢插瓙 澹敵

[38/60] 娴嬭瘯 娴嬭瘯38濂砡缂烘按 (缂烘按)...
  鉁?鎴愬姛: 鍥涙煴 = 涔欎亥 涓佷亥 搴氱敵 鎴婂瓙

[39/60] 娴嬭瘯 娴嬭瘯39濂砡缂哄琛?(缂哄琛?...
  鉁?鎴愬姛: 鍥涙煴 = 涓佷笐 澹瘏 涓佷亥 涓欏崍

[40/60] 娴嬭瘯 娴嬭瘯40濂砡闂版湀 (闂版湀)...
  鉁?鎴愬姛: 鍥涙煴 = 宸辨湭 杈涙湭 杈涗笐 涓侀厜

[41/60] 娴嬭瘯 娴嬭瘯41鐢穇鐗规畩鏍煎眬 (鐗规畩鏍煎眬)...
  鉁?鎴愬姛: 鍥涙煴 = 搴氭垖 鎴婂瘏 杈涙湭 杈涘嵂

[42/60] 娴嬭瘯 娴嬭瘯42鐢穇韬己 (韬己)...
  鉁?鎴愬姛: 鍥涙煴 = 澹瓙 涔欏烦 澹垖 杈涗笐

[43/60] 娴嬭瘯 娴嬭瘯43鐢穇韬急 (韬急)...
  鉁?鎴愬姛: 鍥涙煴 = 涔欏嵂 鐢茬敵 鐧稿烦 澹垖

[44/60] 娴嬭瘯 娴嬭瘯44鐢穇涓拰 (涓拰)...
  鉁?鎴愬姛: 鍥涙煴 = 涓佸烦 杈涗亥 鐢插崍 涔欎笐

[45/60] 娴嬭瘯 娴嬭瘯45鐢穇澶椇 (澶椇)...
  鉁?鎴愬姛: 鍥涙煴 = 搴氱敵 宸卞嵂 鐢插崍 鎴婅景

[46/60] 娴嬭瘯 娴嬭瘯46鐢穇浜旇鍏?(浜旇鍏?...
  鉁?鎴愬姛: 鍥涙煴 = 杈涗亥 鐧稿烦 杈涢厜 鐧稿烦

[47/60] 娴嬭瘯 娴嬭瘯47鐢穇缂烘湪 (缂烘湪)...
  鉁?鎴愬姛: 鍥涙煴 = 鐧镐笐 杈涢厜 澹瓙 鎴婄敵

[48/60] 娴嬭瘯 娴嬭瘯48鐢穇缂虹伀 (缂虹伀)...
  鉁?鎴愬姛: 鍥涙煴 = 涓欒景 搴氬瓙 宸遍厜 涓欏瓙

[49/60] 娴嬭瘯 娴嬭瘯49鐢穇缂洪噾 (缂洪噾)...
  鉁?鎴愬姛: 鍥涙煴 = 鎴婂崍 涔欏嵂 涓欏瓙 鐢插崍

[50/60] 娴嬭瘯 娴嬭瘯50鐢穇闂版湀 (闂版湀)...
  鉁?鎴愬姛: 鍥涙煴 = 搴氬瓙 鐧告湭 涓佸烦 宸遍厜

[51/60] 娴嬭瘯 娴嬭瘯51濂砡鐗规畩鏍煎眬 (鐗规畩鏍煎眬)...
  鉁?鎴愬姛: 鍥涙煴 = 宸遍厜 涓欏瘏 涓欏瓙 杈涘嵂

[52/60] 娴嬭瘯 娴嬭瘯52濂砡韬己 (韬己)...
  鉁?鎴愬姛: 鍥涙煴 = 杈涗亥 鐧稿烦 涓侀厜 杈涗笐

[53/60] 娴嬭瘯 娴嬭瘯53濂砡韬急 (韬急)...
  鉁?鎴愬姛: 鍥涙煴 = 鐢插瘏 澹敵 鎴婃垖 澹垖

[54/60] 娴嬭瘯 娴嬭瘯54濂砡涓拰 (涓拰)...
  鉁?鎴愬姛: 鍥涙煴 = 涓欒景 搴氬瓙 鎴婃垖 鐧镐笐

[55/60] 娴嬭瘯 娴嬭瘯55濂砡澶椇 (澶椇)...
  鉁?鎴愬姛: 鍥涙煴 = 宸辨湭 涓欏瘏 宸卞烦 鎴婅景

[56/60] 娴嬭瘯 娴嬭瘯56濂砡浜旇鍏?(浜旇鍏?...
  鉁?鎴愬姛: 鍥涙煴 = 搴氭垖 澹崍 涓欏瘏 鐧稿烦

[57/60] 娴嬭瘯 娴嬭瘯57濂砡缂哄湡 (缂哄湡)...
  鉁?鎴愬姛: 鍥涙煴 = 澹瓙 宸遍厜 涓佸烦 鎴婄敵

[58/60] 娴嬭瘯 娴嬭瘯58濂砡缂烘按 (缂烘按)...
  鉁?鎴愬姛: 鍥涙煴 = 涔欏嵂 涓佷亥 鐢茬敵 涓欏瓙

[59/60] 娴嬭瘯 娴嬭瘯59濂砡缂哄琛?(缂哄琛?...
  鉁?鎴愬姛: 鍥涙煴 = 涓佸烦 鐧稿嵂 杈涘烦 鐢插崍

[60/60] 娴嬭瘯 娴嬭瘯60濂砡闂版湀 (闂版湀)...
  鉁?鎴愬姛: 鍥涙煴 = 涓欒景 涓侀厜 涓佷亥 宸遍厜

================================================================================
馃攳 妫€鏌ョ‖缂栫爜鍊?
================================================================================

鈿狅笍 鍙戠幇鍙兘鐨勭‖缂栫爜鍊硷紙澶氫釜妗堜緥浣跨敤鐩稿悓鍊硷級锛?
  - 瀛楁 'has_wuxing' = 'True'
    鍑虹幇鍦?300 涓渚嬩腑: 娴嬭瘯04鐢穇椋熶激鏍? 娴嬭瘯58濂砡缂烘按, 娴嬭瘯01鐢穇璐㈡牸, 娴嬭瘯18濂砡缂烘按, 娴嬭瘯53濂砡韬急
    ... 杩樻湁 55 涓渚?
  - 瀛楁 'wuxing_missing' = '[]'
    鍑虹幇鍦?61 涓渚嬩腑: 娴嬭瘯04鐢穇椋熶激鏍? 娴嬭瘯58濂砡缂烘按, 娴嬭瘯01鐢穇璐㈡牸, 娴嬭瘯18濂砡缂烘按, 娴嬭瘯53濂砡韬急
    ... 杩樻湁 44 涓渚?
  - 瀛楁 'dayun_has_fixed' = 'False'
    鍑虹幇鍦?60 涓渚嬩腑: 娴嬭瘯04鐢穇椋熶激鏍? 娴嬭瘯58濂砡缂烘按, 娴嬭瘯01鐢穇璐㈡牸, 娴嬭瘯18濂砡缂烘按, 娴嬭瘯53濂砡韬急
    ... 杩樻湁 55 涓渚?
  - 瀛楁 'health_risk' = '浣庨闄?
    鍑虹幇鍦?39 涓渚嬩腑: 娴嬭瘯58濂砡缂烘按, 娴嬭瘯53濂砡韬急, 娴嬭瘯13濂砡鍗版牸, 娴嬭瘯24鐢穇浠庤储鏍? 娴嬭瘯08鐢穇缂虹伀
    ... 杩樻湁 34 涓渚?
  - 瀛楁 'wealth_level' = '鍋忓急'
    鍑虹幇鍦?26 涓渚嬩腑: 娴嬭瘯18濂砡缂烘按, 娴嬭瘯24鐢穇浠庤储鏍? 娴嬭瘯06鐢穇浜旇鍏? 娴嬭瘯23鐢穇椋熶激鐢熻储, 娴嬭瘯55濂砡澶椇
    ... 杩樻湁 21 涓渚?
  - 瀛楁 'strength_level' = '涓拰'
    鍑虹幇鍦?25 涓渚嬩腑: 娴嬭瘯18濂砡缂烘按, 娴嬭瘯53濂砡韬急, 娴嬭瘯33濂砡椋熶激鐢熻储, 娴嬭瘯06鐢穇浜旇鍏? 娴嬭瘯55濂砡澶椇
    ... 杩樻湁 20 涓渚?
  - 瀛楁 'wealth_score' = '29.0'
    鍑虹幇鍦?22 涓渚嬩腑: 娴嬭瘯49鐢穇缂洪噾, 娴嬭瘯29鐢穇缂洪噾, 娴嬭瘯02鐢穇瀹樻牸, 娴嬭瘯18濂砡缂烘按, 娴嬭瘯12濂砡瀹樻牸
    ... 杩樻湁 6 涓渚?
  - 瀛楁 'strength_ratio' = '0.5'
    鍑虹幇鍦?20 涓渚嬩腑: 娴嬭瘯18濂砡缂烘按, 娴嬭瘯53濂砡韬急, 娴嬭瘯06鐢穇浜旇鍏? 娴嬭瘯55濂砡澶椇, 娴嬭瘯27鐢穇缂烘湪
    ... 杩樻湁 15 涓渚?
  - 瀛楁 'strength_level' = '澶椇'
    鍑虹幇鍦?18 涓渚嬩腑: 娴嬭瘯39濂砡缂哄琛? 娴嬭瘯43鐢穇韬急, 娴嬭瘯58濂砡缂烘按, 娴嬭瘯56濂砡浜旇鍏? 娴嬭瘯02鐢穇瀹樻牸
    ... 杩樻湁 13 涓渚?
  - 瀛楁 'strength_ratio' = '0.8'
    鍑虹幇鍦?16 涓渚嬩腑: 娴嬭瘯43鐢穇韬急, 娴嬭瘯58濂砡缂烘按, 娴嬭瘯56濂砡浜旇鍏? 娴嬭瘯02鐢穇瀹樻牸, 娴嬭瘯01鐢穇璐㈡牸
    ... 杩樻湁 11 涓渚?
  - 瀛楁 'wealth_score' = '33.0'
    鍑虹幇鍦?14 涓渚嬩腑: 娴嬭瘯43鐢穇韬急, 娴嬭瘯58濂砡缂烘按, 娴嬭瘯01鐢穇璐㈡牸, 娴嬭瘯32濂砡瀹樺嵃鏍? 娴嬭瘯13濂砡鍗版牸
    ... 杩樻湁 2 涓渚?
  - 瀛楁 'marriage_quality' = '杩熷涓哄疁'
    鍑虹幇鍦?14 涓渚嬩腑: 娴嬭瘯54濂砡涓拰, 娴嬭瘯49鐢穇缂洪噾, 娴嬭瘯02鐢穇瀹樻牸, 娴嬭瘯33濂砡椋熶激鐢熻储, 娴嬭瘯17濂砡缂哄湡
    ... 杩樻湁 9 涓渚?
  - 瀛楁 'marriage_quality' = '鏅氬绋冲畾'
    鍑虹幇鍦?13 涓渚嬩腑: 娴嬭瘯30鐢穇闂版湀, 娴嬭瘯29鐢穇缂洪噾, 娴嬭瘯43鐢穇韬急, 娴嬭瘯58濂砡缂烘按, 娴嬭瘯01鐢穇璐㈡牸
    ... 杩樻湁 8 涓渚?
  - 瀛楁 'wuxing_strong' = '['姘?]'
    鍑虹幇鍦?13 涓渚嬩腑: 娴嬭瘯03鐢穇鍗版牸, 娴嬭瘯34濂砡浠庤储鏍? 娴嬭瘯02鐢穇瀹樻牸, 娴嬭瘯31濂砡璐㈠畼鏍? 娴嬭瘯37濂砡缂哄湡
    ... 杩樻湁 8 涓渚?
  - 瀛楁 'strength_level' = '鍋忔椇'
    鍑虹幇鍦?13 涓渚嬩腑: 娴嬭瘯03鐢穇鍗版牸, 娴嬭瘯04鐢穇椋熶激鏍? 娴嬭瘯05鐢穇姣斿姭鏍? 娴嬭瘯49鐢穇缂洪噾, 娴嬭瘯07鐢穇缂烘湪
    ... 杩樻湁 8 涓渚?

================================================================================
馃攳 妫€鏌ュ唴瀹瑰樊寮?
================================================================================
鉁?鎵€鏈夊垎鏋愭姤鍛婇兘鏈夊樊寮傦紙杩欐槸姝ｅ父鐨勶級

================================================================================
馃搳 娴嬭瘯瑕嗙洊鐜囨鏌?
================================================================================

馃搱 鏍煎眬绫诲瀷鍒嗗竷锛?
  - 椋熶激鏍硷紙鐪熸牸锛? 10 涓?
  - 鍗版牸锛堢湡鏍硷級: 9 涓?
  - 椋熶激鏍硷紙鍋囨牸锛? 7 涓?
  - 璐㈠畼鏍硷紙鐪熸牸锛? 7 涓?
  - 姣斿姭鏍硷紙鐪熸牸锛? 7 涓?
  - 璐㈠畼鏍硷紙鍋囨牸锛? 6 涓?
  - 浼ゅ畼鏍硷紙鍋囨牸锛? 2 涓?
  - 鍗版牸锛堝亣鏍硷級: 2 涓?
  - 鎴婄櫢鍖栫伀鏍? 2 涓?
  - 鍗版牸锛堝畼鏉€娣锋潅锛夛紙鐪熸牸锛? 1 涓?
  - 鐢插繁鍖栧湡鏍? 1 涓?
  - 瀹樻潃鏍硷紙鍋囨牸锛? 1 涓?
  - 浼ゅ畼鏍硷紙鐪熸牸锛? 1 涓?
  - 璐㈡牸锛堢湡鏍硷級: 1 涓?
  - 涓佸，鍖栨湪鏍? 1 涓?
  - 姣斿姭鏍硷紙鍋囨牸锛? 1 涓?
  - 瀹樻潃鏍硷紙鐪熸牸锛? 1 涓?

馃搱 韬己韬急鍒嗗竷锛?
  - 涓拰: 25 涓?
  - 澶椇: 18 涓?
  - 鍋忔椇: 13 涓?
  - 鍋忓急: 4 涓?

馃搱 璐㈣繍绛夌骇鍒嗗竷锛?
  - 鍋忓急: 22 涓?
  - 澶у瘜: 13 涓?
  - 涓瘜: 10 涓?
  - 鏅€? 7 涓?
  - 灏忓瘜: 5 涓?
  - 宸ㄥ瘜: 3 涓?

馃搱 濠氬Щ璐ㄩ噺鍒嗗竷锛?
  - 杩熷涓哄疁: 14 涓?
  - 鏅氬绋冲畾: 13 涓?
  - 闇€娉ㄦ剰: 13 涓?
  - 鑹ソ: 13 涓?
  - 杈冩櫄濠? 4 涓?
  - 闇€璋ㄦ厧: 3 涓?

馃搱 鍋ュ悍椋庨櫓鍒嗗竷锛?
  - 浣庨闄? 39 涓?
  - 鏃犻闄? 12 涓?
  - 涓瓑椋庨櫓: 9 涓?

馃搱 浜旇缂哄け鍒嗗竷锛?
  - 浜旇鍏? 49 涓?
  - 缂篬'姘?]: 3 涓?
  - 缂篬'鐏?]: 2 涓?
  - 缂篬'鏈?, '鐏?]: 2 涓?
  - 缂篬'閲?]: 2 涓?
  - 缂篬'鏈?]: 2 涓?

================================================================================
馃搳 娴嬭瘯鎶ュ憡姹囨€?
================================================================================

鉁?鎴愬姛鍒嗘瀽: 60 涓?
鉂?澶辫触鍒嗘瀽: 0 涓?

馃搱 鍏抽敭淇℃伅缁熻锛?

  鏍煎眬绫诲瀷鍒嗗竷锛?
    - 椋熶激鏍硷紙鐪熸牸锛? 10 涓?
    - 鍗版牸锛堢湡鏍硷級: 9 涓?
    - 椋熶激鏍硷紙鍋囨牸锛? 7 涓?
    - 璐㈠畼鏍硷紙鐪熸牸锛? 7 涓?
    - 姣斿姭鏍硷紙鐪熸牸锛? 7 涓?
    - 璐㈠畼鏍硷紙鍋囨牸锛? 6 涓?
    - 浼ゅ畼鏍硷紙鍋囨牸锛? 2 涓?
    - 鍗版牸锛堝亣鏍硷級: 2 涓?
    - 鎴婄櫢鍖栫伀鏍? 2 涓?
    - 鍗版牸锛堝畼鏉€娣锋潅锛夛紙鐪熸牸锛? 1 涓?
    - 鐢插繁鍖栧湡鏍? 1 涓?
    - 瀹樻潃鏍硷紙鍋囨牸锛? 1 涓?
    - 浼ゅ畼鏍硷紙鐪熸牸锛? 1 涓?
    - 璐㈡牸锛堢湡鏍硷級: 1 涓?
    - 涓佸，鍖栨湪鏍? 1 涓?
    - 姣斿姭鏍硷紙鍋囨牸锛? 1 涓?
    - 瀹樻潃鏍硷紙鐪熸牸锛? 1 涓?

  韬己韬急鍒嗗竷锛?
    - 涓拰: 25 涓?
    - 澶椇: 18 涓?
    - 鍋忔椇: 13 涓?
    - 鍋忓急: 4 涓?

  璐㈣繍绛夌骇鍒嗗竷锛?
    - 鍋忓急: 22 涓?
    - 澶у瘜: 13 涓?
    - 涓瘜: 10 涓?
    - 鏅€? 7 涓?
    - 灏忓瘜: 5 涓?
    - 宸ㄥ瘜: 3 涓?

馃捑 璇︾粏鎶ュ憡宸蹭繚瀛樺埌: bazi_test_report_v2_20251104_105125.json

================================================================================
馃搵 娴嬭瘯鎬荤粨
================================================================================
鉁?鎴愬姛鍒嗘瀽: 60 涓?
鉂?澶辫触鍒嗘瀽: 0 涓?
鈿狅笍 纭紪鐮佸彲鐤戦」: 80 涓?
鈿狅笍 瀹屽叏鐩稿悓鎶ュ憡: 0 瀵?

鈿狅笍 鍙戠幇娼滃湪闂锛岃妫€鏌ヤ笂杩版姤鍛娿€?
